BlockChain Info:
1.
Sender Name: baraa
Receiver Name: daniel
Transaction Value: 20
Transaction timestamp: 20:20

2.
Sender Name: daniel
Receiver Name: baraa
Transaction Value: 100
Transaction timestamp: 20:20

3.
Sender Name: regev
Receiver Name: adi
Transaction Value: 15
Transaction timestamp: 20:30

4.
Sender Name: baraa
Receiver Name: regev
Transaction Value: 30
Transaction timestamp: 20:40

