ad8be1cf25edc3210765
07ed4b218fcfe1332544
16305a749e47698badcf
07214b658f243aad98fd